============================= test session starts ==============================
platform darwin -- Python 3.10.0, pytest-9.0.3, pluggy-1.6.0 -- /Library/Frameworks/Python.framework/Versions/3.10/bin/python3
cachedir: .pytest_cache
rootdir: /Users/timothychang/Documents/GitHub/classroom-economy
configfile: pytest.ini
plugins: flask-1.3.0, anyio-4.2.0
collecting ... collected 1 item

tests/test_api_tenancy.py::test_admin_tap_entries_scoped_by_join_code FAILED [100%]

=================================== FAILURES ===================================
__________________ test_admin_tap_entries_scoped_by_join_code __________________

client = <FlaskClient <Flask 'app'>>

    def test_admin_tap_entries_scoped_by_join_code(client):
        """Admin should only receive tap entries from their own join-code scope."""
        teacher_a, secret_a = _create_admin("teacher-a")
        teacher_b, _ = _create_admin("teacher-b")
    
        shared_student = _create_student(
            "SharedTap",
            primary_teacher=teacher_a,
            linked_teachers=[teacher_a, teacher_b],
        )
        _create_class_scope(teacher_a, shared_student, "JOIN_A")
        _create_class_scope(teacher_b, shared_student, "JOIN_B")
        seat_a = _create_claimed_seat(teacher_a, shared_student, "JOIN_A", block="A")
        seat_b = _create_claimed_seat(teacher_b, shared_student, "JOIN_B", block="B")
        user_seat_a = _get_or_create_student_seat(shared_student, seat_a.class_id, "JOIN_A")
        user_seat_b = _get_or_create_student_seat(shared_student, seat_b.class_id, "JOIN_B")
    
        tap_a = AttendanceSession(
            student_id=shared_student.id,
            seat_id=user_seat_a.id,
            class_id=seat_a.class_id,
            period="A",
            started_at=datetime.now(timezone.utc),
        )
        tap_b = AttendanceSession(
            student_id=shared_student.id,
            seat_id=user_seat_b.id,
            class_id=seat_b.class_id,
            period="B",
            started_at=datetime.now(timezone.utc),
        )
        db.session.add_all([tap_a, tap_b])
        db.session.commit()
    
        _login_admin(client, teacher_a, secret_a, join_code="JOIN_A")
        response = client.get(f"/api/admin/tap-entries/{shared_student.id}")
    
>       assert response.status_code == 200
E       assert 404 == 200
E        +  where 404 = <WrapperTestResponse streamed [404 NOT FOUND]>.status_code

tests/test_api_tenancy.py:463: AssertionError
---------------------------- Captured stderr setup -----------------------------
[2026-06-29 20:02:19,512] WARNING in base [-] [actor=-:- class_id=-] [endpoint=/ method=GET] [error_class=- correlation_version=1]: FEAT-INTEGRITY-WARNING: FEATBypass active. Execution integrity is currently unmanaged.
[2026-06-29 20:02:19,512] WARNING in base [-] [actor=-:- class_id=-] [endpoint=/ method=GET] [error_class=- correlation_version=1]: FEAT-INTEGRITY-WARNING: FEAT FEAT-BYPASS-LEGACY (Blast=LOW) missing idempotency_key.
[2026-06-29 20:02:19,513] INFO in base [-] [actor=-:- class_id=-] [endpoint=/ method=GET] [error_class=- correlation_version=1]: FEAT-ENTRY: feat=FEAT-BYPASS-LEGACY | correlation_id=bypass_test_3e01e92190ef44b4bce5135b3b06f3b7 | idempotency_key=NONE
------------------------------ Captured log setup ------------------------------
WARNING  app.feats.base:base.py:334 FEAT-INTEGRITY-WARNING: FEATBypass active. Execution integrity is currently unmanaged.
WARNING  app.feats.base:base.py:175 FEAT-INTEGRITY-WARNING: FEAT FEAT-BYPASS-LEGACY (Blast=LOW) missing idempotency_key.
INFO     app.feats.base:base.py:228 FEAT-ENTRY: feat=FEAT-BYPASS-LEGACY | correlation_id=bypass_test_3e01e92190ef44b4bce5135b3b06f3b7 | idempotency_key=NONE
----------------------------- Captured stderr call -----------------------------
[2026-06-29 20:02:19,664] INFO in base [-] [actor=-:- class_id=-] [endpoint=/ method=GET] [error_class=- correlation_version=1]: FEAT-COMMIT-OWNERSHIP: FEAT-BYPASS-LEGACY | First commit owned by FEAT-BYPASS-LEGACY | Correlation=bypass_test_3e01e92190ef44b4bce5135b3b06f3b7
[2026-06-29 20:02:19,673] WARNING in base [-] [actor=-:- class_id=-] [endpoint=/ method=GET] [error_class=- correlation_version=1]: FEAT-INTEGRITY-WARNING: MULTIPLE-COMMIT-ATTEMPT in FEAT-BYPASS-LEGACY. Count=2. Correlation=bypass_test_3e01e92190ef44b4bce5135b3b06f3b7
[2026-06-29 20:02:19,696] WARNING in base [-] [actor=-:- class_id=-] [endpoint=/ method=GET] [error_class=- correlation_version=1]: FEAT-FLUSH-COMPLEXITY: FEAT-BYPASS-LEGACY has triggered 6 flushes. Consider simplifying or batching mutations.
[2026-06-29 20:02:19,699] WARNING in base [-] [actor=-:- class_id=-] [endpoint=/ method=GET] [error_class=- correlation_version=1]: FEAT-FLUSH-COMPLEXITY: FEAT-BYPASS-LEGACY has triggered 7 flushes. Consider simplifying or batching mutations.
[2026-06-29 20:02:19,705] WARNING in base [-] [actor=-:- class_id=-] [endpoint=/ method=GET] [error_class=- correlation_version=1]: FEAT-INTEGRITY-WARNING: MULTIPLE-COMMIT-ATTEMPT in FEAT-BYPASS-LEGACY. Count=3. Correlation=bypass_test_3e01e92190ef44b4bce5135b3b06f3b7
[2026-06-29 20:02:19,705] WARNING in base [-] [actor=-:- class_id=-] [endpoint=/ method=GET] [error_class=- correlation_version=1]: FEAT-FLUSH-COMPLEXITY: FEAT-BYPASS-LEGACY has triggered 8 flushes. Consider simplifying or batching mutations.
[2026-06-29 20:02:19,722] WARNING in base [-] [actor=-:- class_id=-] [endpoint=/ method=GET] [error_class=- correlation_version=1]: FEAT-FLUSH-COMPLEXITY: FEAT-BYPASS-LEGACY has triggered 9 flushes. Consider simplifying or batching mutations.
[2026-06-29 20:02:19,732] WARNING in base [-] [actor=-:- class_id=-] [endpoint=/ method=GET] [error_class=- correlation_version=1]: FEAT-FLUSH-COMPLEXITY: FEAT-BYPASS-LEGACY has triggered 10 flushes. Consider simplifying or batching mutations.
[2026-06-29 20:02:19,734] WARNING in base [-] [actor=-:- class_id=-] [endpoint=/ method=GET] [error_class=- correlation_version=1]: FEAT-FLUSH-COMPLEXITY: FEAT-BYPASS-LEGACY has triggered 11 flushes. Consider simplifying or batching mutations.
[2026-06-29 20:02:19,743] WARNING in base [-] [actor=-:- class_id=-] [endpoint=/ method=GET] [error_class=- correlation_version=1]: FEAT-FLUSH-COMPLEXITY: FEAT-BYPASS-LEGACY has triggered 12 flushes. Consider simplifying or batching mutations.
[2026-06-29 20:02:19,747] WARNING in base [-] [actor=-:- class_id=-] [endpoint=/ method=GET] [error_class=- correlation_version=1]: FEAT-FLUSH-COMPLEXITY: FEAT-BYPASS-LEGACY has triggered 13 flushes. Consider simplifying or batching mutations.
[2026-06-29 20:02:19,748] WARNING in base [-] [actor=-:- class_id=-] [endpoint=/ method=GET] [error_class=- correlation_version=1]: FEAT-FLUSH-COMPLEXITY: FEAT-BYPASS-LEGACY has triggered 14 flushes. Consider simplifying or batching mutations.
[2026-06-29 20:02:19,751] WARNING in base [-] [actor=-:- class_id=-] [endpoint=/ method=GET] [error_class=- correlation_version=1]: FEAT-INTEGRITY-WARNING: MULTIPLE-COMMIT-ATTEMPT in FEAT-BYPASS-LEGACY. Count=4. Correlation=bypass_test_3e01e92190ef44b4bce5135b3b06f3b7
[2026-06-29 20:02:19,756] WARNING in base [-] [actor=-:- class_id=-] [endpoint=/ method=GET] [error_class=- correlation_version=1]: FEAT-FLUSH-COMPLEXITY: FEAT-BYPASS-LEGACY has triggered 15 flushes. Consider simplifying or batching mutations.
[2026-06-29 20:02:19,758] WARNING in base [-] [actor=-:- class_id=-] [endpoint=/ method=GET] [error_class=- correlation_version=1]: FEAT-FLUSH-COMPLEXITY: FEAT-BYPASS-LEGACY has triggered 16 flushes. Consider simplifying or batching mutations.
[2026-06-29 20:02:19,759] WARNING in base [-] [actor=-:- class_id=-] [endpoint=/ method=GET] [error_class=- correlation_version=1]: FEAT-FLUSH-COMPLEXITY: FEAT-BYPASS-LEGACY has triggered 17 flushes. Consider simplifying or batching mutations.
[2026-06-29 20:02:19,761] WARNING in base [-] [actor=-:- class_id=-] [endpoint=/ method=GET] [error_class=- correlation_version=1]: FEAT-FLUSH-COMPLEXITY: FEAT-BYPASS-LEGACY has triggered 18 flushes. Consider simplifying or batching mutations.
[2026-06-29 20:02:19,764] WARNING in base [-] [actor=-:- class_id=-] [endpoint=/ method=GET] [error_class=- correlation_version=1]: FEAT-FLUSH-COMPLEXITY: FEAT-BYPASS-LEGACY has triggered 19 flushes. Consider simplifying or batching mutations.
[2026-06-29 20:02:19,765] WARNING in base [-] [actor=-:- class_id=-] [endpoint=/ method=GET] [error_class=- correlation_version=1]: FEAT-FLUSH-COMPLEXITY: FEAT-BYPASS-LEGACY has triggered 20 flushes. Consider simplifying or batching mutations.
[2026-06-29 20:02:19,767] WARNING in base [-] [actor=-:- class_id=-] [endpoint=/ method=GET] [error_class=- correlation_version=1]: FEAT-INTEGRITY-WARNING: MULTIPLE-COMMIT-ATTEMPT in FEAT-BYPASS-LEGACY. Count=5. Correlation=bypass_test_3e01e92190ef44b4bce5135b3b06f3b7
[2026-06-29 20:02:19,777] WARNING in base [-] [actor=-:- class_id=-] [endpoint=/ method=GET] [error_class=- correlation_version=1]: FEAT-FLUSH-COMPLEXITY: FEAT-BYPASS-LEGACY has triggered 21 flushes. Consider simplifying or batching mutations.
[2026-06-29 20:02:19,779] WARNING in base [-] [actor=-:- class_id=-] [endpoint=/ method=GET] [error_class=- correlation_version=1]: FEAT-INTEGRITY-WARNING: MULTIPLE-COMMIT-ATTEMPT in FEAT-BYPASS-LEGACY. Count=6. Correlation=bypass_test_3e01e92190ef44b4bce5135b3b06f3b7
[2026-06-29 20:02:19,779] WARNING in base [-] [actor=-:- class_id=-] [endpoint=/ method=GET] [error_class=- correlation_version=1]: FEAT-FLUSH-COMPLEXITY: FEAT-BYPASS-LEGACY has triggered 22 flushes. Consider simplifying or batching mutations.
[2026-06-29 20:02:19,791] WARNING in base [-] [actor=-:- class_id=-] [endpoint=/ method=GET] [error_class=- correlation_version=1]: FEAT-FLUSH-COMPLEXITY: FEAT-BYPASS-LEGACY has triggered 23 flushes. Consider simplifying or batching mutations.
[2026-06-29 20:02:19,792] WARNING in base [-] [actor=-:- class_id=-] [endpoint=/ method=GET] [error_class=- correlation_version=1]: FEAT-INTEGRITY-WARNING: MULTIPLE-COMMIT-ATTEMPT in FEAT-BYPASS-LEGACY. Count=7. Correlation=bypass_test_3e01e92190ef44b4bce5135b3b06f3b7
[2026-06-29 20:02:19,792] WARNING in base [-] [actor=-:- class_id=-] [endpoint=/ method=GET] [error_class=- correlation_version=1]: FEAT-FLUSH-COMPLEXITY: FEAT-BYPASS-LEGACY has triggered 24 flushes. Consider simplifying or batching mutations.
[2026-06-29 20:02:19,802] WARNING in base [-] [actor=-:- class_id=-] [endpoint=/ method=GET] [error_class=- correlation_version=1]: FEAT-FLUSH-COMPLEXITY: FEAT-BYPASS-LEGACY has triggered 25 flushes. Consider simplifying or batching mutations.
[2026-06-29 20:02:19,804] WARNING in base [-] [actor=-:- class_id=-] [endpoint=/ method=GET] [error_class=- correlation_version=1]: FEAT-FLUSH-COMPLEXITY: FEAT-BYPASS-LEGACY has triggered 26 flushes. Consider simplifying or batching mutations.
[2026-06-29 20:02:19,810] WARNING in base [-] [actor=-:- class_id=-] [endpoint=/ method=GET] [error_class=- correlation_version=1]: FEAT-FLUSH-COMPLEXITY: FEAT-BYPASS-LEGACY has triggered 27 flushes. Consider simplifying or batching mutations.
[2026-06-29 20:02:19,811] WARNING in base [-] [actor=-:- class_id=-] [endpoint=/ method=GET] [error_class=- correlation_version=1]: FEAT-INTEGRITY-WARNING: MULTIPLE-COMMIT-ATTEMPT in FEAT-BYPASS-LEGACY. Count=8. Correlation=bypass_test_3e01e92190ef44b4bce5135b3b06f3b7
[2026-06-29 20:02:19,811] WARNING in base [-] [actor=-:- class_id=-] [endpoint=/ method=GET] [error_class=- correlation_version=1]: FEAT-FLUSH-COMPLEXITY: FEAT-BYPASS-LEGACY has triggered 28 flushes. Consider simplifying or batching mutations.
[2026-06-29 20:02:19,825] ERROR in tlcp [38c8caaa59304b8498a90849b8002beb] [actor=-:- class_id=-] [endpoint=/admin/login method=POST] [error_class=InvariantViolation correlation_version=1]: TLCP-INVARIANT-VIOLATION: missing canonical context
[2026-06-29 20:02:19,833] WARNING in base [38c8caaa59304b8498a90849b8002beb] [actor=-:- class_id=-] [endpoint=/ method=GET] [error_class=- correlation_version=1]: FEAT-INTEGRITY-WARNING: MULTIPLE-COMMIT-ATTEMPT in FEAT-BYPASS-LEGACY. Count=9. Correlation=bypass_test_3e01e92190ef44b4bce5135b3b06f3b7
[2026-06-29 20:02:19,833] WARNING in base [38c8caaa59304b8498a90849b8002beb] [actor=-:- class_id=-] [endpoint=/ method=GET] [error_class=- correlation_version=1]: FEAT-FLUSH-COMPLEXITY: FEAT-BYPASS-LEGACY has triggered 29 flushes. Consider simplifying or batching mutations.
------------------------------ Captured log call -------------------------------
INFO     app.feats.base:base.py:265 FEAT-COMMIT-OWNERSHIP: FEAT-BYPASS-LEGACY | First commit owned by FEAT-BYPASS-LEGACY | Correlation=bypass_test_3e01e92190ef44b4bce5135b3b06f3b7
WARNING  app.feats.base:base.py:282 FEAT-INTEGRITY-WARNING: MULTIPLE-COMMIT-ATTEMPT in FEAT-BYPASS-LEGACY. Count=2. Correlation=bypass_test_3e01e92190ef44b4bce5135b3b06f3b7
WARNING  app.feats.base:base.py:289 FEAT-FLUSH-COMPLEXITY: FEAT-BYPASS-LEGACY has triggered 6 flushes. Consider simplifying or batching mutations.
WARNING  app.feats.base:base.py:289 FEAT-FLUSH-COMPLEXITY: FEAT-BYPASS-LEGACY has triggered 7 flushes. Consider simplifying or batching mutations.
WARNING  app.feats.base:base.py:282 FEAT-INTEGRITY-WARNING: MULTIPLE-COMMIT-ATTEMPT in FEAT-BYPASS-LEGACY. Count=3. Correlation=bypass_test_3e01e92190ef44b4bce5135b3b06f3b7
WARNING  app.feats.base:base.py:289 FEAT-FLUSH-COMPLEXITY: FEAT-BYPASS-LEGACY has triggered 8 flushes. Consider simplifying or batching mutations.
WARNING  app.feats.base:base.py:289 FEAT-FLUSH-COMPLEXITY: FEAT-BYPASS-LEGACY has triggered 9 flushes. Consider simplifying or batching mutations.
WARNING  app.feats.base:base.py:289 FEAT-FLUSH-COMPLEXITY: FEAT-BYPASS-LEGACY has triggered 10 flushes. Consider simplifying or batching mutations.
WARNING  app.feats.base:base.py:289 FEAT-FLUSH-COMPLEXITY: FEAT-BYPASS-LEGACY has triggered 11 flushes. Consider simplifying or batching mutations.
WARNING  app.feats.base:base.py:289 FEAT-FLUSH-COMPLEXITY: FEAT-BYPASS-LEGACY has triggered 12 flushes. Consider simplifying or batching mutations.
WARNING  app.feats.base:base.py:289 FEAT-FLUSH-COMPLEXITY: FEAT-BYPASS-LEGACY has triggered 13 flushes. Consider simplifying or batching mutations.
WARNING  app.feats.base:base.py:289 FEAT-FLUSH-COMPLEXITY: FEAT-BYPASS-LEGACY has triggered 14 flushes. Consider simplifying or batching mutations.
WARNING  app.feats.base:base.py:282 FEAT-INTEGRITY-WARNING: MULTIPLE-COMMIT-ATTEMPT in FEAT-BYPASS-LEGACY. Count=4. Correlation=bypass_test_3e01e92190ef44b4bce5135b3b06f3b7
WARNING  app.feats.base:base.py:289 FEAT-FLUSH-COMPLEXITY: FEAT-BYPASS-LEGACY has triggered 15 flushes. Consider simplifying or batching mutations.
WARNING  app.feats.base:base.py:289 FEAT-FLUSH-COMPLEXITY: FEAT-BYPASS-LEGACY has triggered 16 flushes. Consider simplifying or batching mutations.
WARNING  app.feats.base:base.py:289 FEAT-FLUSH-COMPLEXITY: FEAT-BYPASS-LEGACY has triggered 17 flushes. Consider simplifying or batching mutations.
WARNING  app.feats.base:base.py:289 FEAT-FLUSH-COMPLEXITY: FEAT-BYPASS-LEGACY has triggered 18 flushes. Consider simplifying or batching mutations.
WARNING  app.feats.base:base.py:289 FEAT-FLUSH-COMPLEXITY: FEAT-BYPASS-LEGACY has triggered 19 flushes. Consider simplifying or batching mutations.
WARNING  app.feats.base:base.py:289 FEAT-FLUSH-COMPLEXITY: FEAT-BYPASS-LEGACY has triggered 20 flushes. Consider simplifying or batching mutations.
WARNING  app.feats.base:base.py:282 FEAT-INTEGRITY-WARNING: MULTIPLE-COMMIT-ATTEMPT in FEAT-BYPASS-LEGACY. Count=5. Correlation=bypass_test_3e01e92190ef44b4bce5135b3b06f3b7
WARNING  app.feats.base:base.py:289 FEAT-FLUSH-COMPLEXITY: FEAT-BYPASS-LEGACY has triggered 21 flushes. Consider simplifying or batching mutations.
WARNING  app.feats.base:base.py:282 FEAT-INTEGRITY-WARNING: MULTIPLE-COMMIT-ATTEMPT in FEAT-BYPASS-LEGACY. Count=6. Correlation=bypass_test_3e01e92190ef44b4bce5135b3b06f3b7
WARNING  app.feats.base:base.py:289 FEAT-FLUSH-COMPLEXITY: FEAT-BYPASS-LEGACY has triggered 22 flushes. Consider simplifying or batching mutations.
WARNING  app.feats.base:base.py:289 FEAT-FLUSH-COMPLEXITY: FEAT-BYPASS-LEGACY has triggered 23 flushes. Consider simplifying or batching mutations.
WARNING  app.feats.base:base.py:282 FEAT-INTEGRITY-WARNING: MULTIPLE-COMMIT-ATTEMPT in FEAT-BYPASS-LEGACY. Count=7. Correlation=bypass_test_3e01e92190ef44b4bce5135b3b06f3b7
WARNING  app.feats.base:base.py:289 FEAT-FLUSH-COMPLEXITY: FEAT-BYPASS-LEGACY has triggered 24 flushes. Consider simplifying or batching mutations.
WARNING  app.feats.base:base.py:289 FEAT-FLUSH-COMPLEXITY: FEAT-BYPASS-LEGACY has triggered 25 flushes. Consider simplifying or batching mutations.
WARNING  app.feats.base:base.py:289 FEAT-FLUSH-COMPLEXITY: FEAT-BYPASS-LEGACY has triggered 26 flushes. Consider simplifying or batching mutations.
WARNING  app.feats.base:base.py:289 FEAT-FLUSH-COMPLEXITY: FEAT-BYPASS-LEGACY has triggered 27 flushes. Consider simplifying or batching mutations.
WARNING  app.feats.base:base.py:282 FEAT-INTEGRITY-WARNING: MULTIPLE-COMMIT-ATTEMPT in FEAT-BYPASS-LEGACY. Count=8. Correlation=bypass_test_3e01e92190ef44b4bce5135b3b06f3b7
WARNING  app.feats.base:base.py:289 FEAT-FLUSH-COMPLEXITY: FEAT-BYPASS-LEGACY has triggered 28 flushes. Consider simplifying or batching mutations.
ERROR    app:tlcp.py:100 TLCP-INVARIANT-VIOLATION: missing canonical context
WARNING  app.feats.base:base.py:282 FEAT-INTEGRITY-WARNING: MULTIPLE-COMMIT-ATTEMPT in FEAT-BYPASS-LEGACY. Count=9. Correlation=bypass_test_3e01e92190ef44b4bce5135b3b06f3b7
WARNING  app.feats.base:base.py:289 FEAT-FLUSH-COMPLEXITY: FEAT-BYPASS-LEGACY has triggered 29 flushes. Consider simplifying or batching mutations.
--------------------------- Captured stderr teardown ---------------------------
[2026-06-29 20:02:19,948] WARNING in base [-] [actor=-:- class_id=-] [endpoint=/ method=GET] [error_class=- correlation_version=1]: FEAT-INTEGRITY-WARNING: MULTIPLE-COMMIT-ATTEMPT in FEAT-BYPASS-LEGACY. Count=10. Correlation=bypass_test_3e01e92190ef44b4bce5135b3b06f3b7
---------------------------- Captured log teardown -----------------------------
WARNING  app.feats.base:base.py:282 FEAT-INTEGRITY-WARNING: MULTIPLE-COMMIT-ATTEMPT in FEAT-BYPASS-LEGACY. Count=10. Correlation=bypass_test_3e01e92190ef44b4bce5135b3b06f3b7
=========================== short test summary info ============================
FAILED tests/test_api_tenancy.py::test_admin_tap_entries_scoped_by_join_code
============================== 1 failed in 1.21s ===============================
